// Jest Snapshot v1, https://goo.gl/fbAQLP

exports[`ClosestLocationList renders correctly 1`] = `
<body>
  <div>
    <div
      class="sc-htpNat jRlZbR"
    >
      <div
        class="cards"
      >
        <a
          class="nav-link"
          href="/company-page/undefined"
        >
          <div>
            <h3>
              Accenture
            </h3>
            <p
              class="sc-bwzfXH hKkmqJ"
            />
          </div>
        </a>
        <a
          class="sc-bdVaJa buLEa"
          href="www.accenture.com."
          rel="noopener noreferrer"
          target="_blank"
        >
          www.accenture.com.
        </a>
      </div>
    </div>
  </div>
</body>
`;
